[    1382ms] [INFO] %cDownload the React DevTools for a better development experience: https://react.dev/link/react-devtools font-weight:bold @ http://localhost:3000/_next/static/chunks/b2b3e_next_dist_77a734fe._.js:2297
[    1434ms] [LOG] [HMR] connected @ http://localhost:3000/_next/static/chunks/b2b3e_next_dist_77a734fe._.js:2297
[    1464ms] [ERROR] %o

%s TypeError: Cannot read properties of undefined (reading 'findMany')
    at listTrackedInspirationAccounts (about://React/Server/file:///Users/idrisskone/Developer/postForge/.next/dev/server/chunks/ssr/%5Broot-of-the-server%5D__079b6930._.js?62:765:170)
    at UGCInspirationPage (about://React/Server/file:///Users/idrisskone/Developer/postForge/.next/dev/server/chunks/ssr/%5Broot-of-the-server%5D__079b6930._.js?63:998:206)
    at resolveErrorDev (http://localhost:3000/_next/static/chunks/b2b3e_next_dist_compiled_react-server-dom-turbopack_1182ddf0._.js:1894:148)
    at processFullStringRow (http://localhost:3000/_next/static/chunks/b2b3e_next_dist_compiled_react-server-dom-turbopack_1182ddf0._.js:2402:29)
    at processFullBinaryRow (http://localhost:3000/_next/static/chunks/b2b3e_next_dist_compiled_react-server-dom-turbopack_1182ddf0._.js:2361:9)
    at processBinaryChunk (http://localhost:3000/_next/static/chunks/b2b3e_next_dist_compiled_react-server-dom-turbopack_1182ddf0._.js:2470:221)
    at progress (http://localhost:3000/_next/static/chunks/b2b3e_next_dist_compiled_react-server-dom-turbopack_1182ddf0._.js:2640:13) The above error occurred in the <UGCInspirationPage> component. It was handled by the <ErrorBoundaryHandler> error boundary. @ http://localhost:3000/_next/static/chunks/b2b3e_next_dist_client_121ab40e._.js:1342
[    1468ms] [ERROR] Unhandled error: TypeError: Cannot read properties of undefined (reading 'findMany')
    at listTrackedInspirationAccounts (about://React/Server/file:///Users/idrisskone/Developer/postForge/.next/dev/server/chunks/ssr/%5Broot-of-the-server%5D__079b6930._.js?62:765:170)
    at UGCInspirationPage (about://React/Server/file:///Users/idrisskone/Developer/postForge/.next/dev/server/chunks/ssr/%5Broot-of-the-server%5D__079b6930._.js?63:998:206)
    at resolveErrorDev (http://localhost:3000/_next/static/chunks/b2b3e_next_dist_compiled_react-server-dom-turbopack_1182ddf0._.js:1894:148)
    at processFullStringRow (http://localhost:3000/_next/static/chunks/b2b3e_next_dist_compiled_react-server-dom-turbopack_1182ddf0._.js:2402:29)
    at processFullBinaryRow (http://localhost:3000/_next/static/chunks/b2b3e_next_dist_compiled_react-server-dom-turbopack_1182ddf0._.js:2361:9)
    at processBinaryChunk (http://localhost:3000/_next/static/chunks/b2b3e_next_dist_compiled_react-server-dom-turbopack_1182ddf0._.js:2470:221)
    at progress (http://localhost:3000/_next/static/chunks/b2b3e_next_dist_compiled_react-server-dom-turbopack_1182ddf0._.js:2640:13) @ http://localhost:3000/_next/static/chunks/b2b3e_next_dist_77a734fe._.js:3127
[    1468ms] [ERROR] Unhandled error: TypeError: Cannot read properties of undefined (reading 'findMany')
    at listTrackedInspirationAccounts (about://React/Server/file:///Users/idrisskone/Developer/postForge/.next/dev/server/chunks/ssr/%5Broot-of-the-server%5D__079b6930._.js?62:765:170)
    at UGCInspirationPage (about://React/Server/file:///Users/idrisskone/Developer/postForge/.next/dev/server/chunks/ssr/%5Broot-of-the-server%5D__079b6930._.js?63:998:206)
    at resolveErrorDev (http://localhost:3000/_next/static/chunks/b2b3e_next_dist_compiled_react-server-dom-turbopack_1182ddf0._.js:1894:148)
    at processFullStringRow (http://localhost:3000/_next/static/chunks/b2b3e_next_dist_compiled_react-server-dom-turbopack_1182ddf0._.js:2402:29)
    at processFullBinaryRow (http://localhost:3000/_next/static/chunks/b2b3e_next_dist_compiled_react-server-dom-turbopack_1182ddf0._.js:2361:9)
    at processBinaryChunk (http://localhost:3000/_next/static/chunks/b2b3e_next_dist_compiled_react-server-dom-turbopack_1182ddf0._.js:2470:221)
    at progress (http://localhost:3000/_next/static/chunks/b2b3e_next_dist_compiled_react-server-dom-turbopack_1182ddf0._.js:2640:13) @ http://localhost:3000/_next/static/chunks/b2b3e_next_dist_77a734fe._.js:3127
[   12655ms] [LOG] [Fast Refresh] rebuilding @ http://localhost:3000/_next/static/chunks/b2b3e_next_dist_77a734fe._.js:2297
[   12735ms] [LOG] [Fast Refresh] done in 33ms @ http://localhost:3000/_next/static/chunks/b2b3e_next_dist_77a734fe._.js:2297
[   12778ms] Error: Switched to client rendering because the server rendering errored:

Cannot read properties of undefined (reading 'findMany')
    at listTrackedInspirationAccounts (about://React/Server/file:///Users/idrisskone/Developer/postForge/.next/dev/server/chunks/ssr/%5Broot-of-the-server%5D__079b6930._.js?62:765:170)
    at UGCInspirationPage (about://React/Server/file:///Users/idrisskone/Developer/postForge/.next/dev/server/chunks/ssr/%5Broot-of-the-server%5D__079b6930._.js?63:998:206)
    at resolveErrorDev (/Users/idrisskone/Developer/postForge/node_modules/.pnpm/next@16.1.6_@babel+core@7.29.0_react-dom@19.2.3_react@19.2.3__react@19.2.3/node_modules/next/dist/compiled/next-server/app-page-turbo.runtime.dev.js:2:406903)
    at processFullStringRow (/Users/idrisskone/Developer/postForge/node_modules/.pnpm/next@16.1.6_@babel+core@7.29.0_react-dom@19.2.3_react@19.2.3__react@19.2.3/node_modules/next/dist/compiled/next-server/app-page-turbo.runtime.dev.js:2:427357)
    at /Users/idrisskone/Developer/postForge/node_modules/.pnpm/next@16.1.6_@babel+core@7.29.0_react-dom@19.2.3_react@19.2.3__react@19.2.3/node_modules/next/dist/compiled/next-server/app-page-turbo.runtime.dev.js:2:433425
    at processBinaryChunk (/Users/idrisskone/Developer/postForge/node_modules/.pnpm/next@16.1.6_@babel+core@7.29.0_react-dom@19.2.3_react@19.2.3__react@19.2.3/node_modules/next/dist/compiled/next-server/app-page-turbo.runtime.dev.js:2:433508)
    at progress (/Users/idrisskone/Developer/postForge/node_modules/.pnpm/next@16.1.6_@babel+core@7.29.0_react-dom@19.2.3_react@19.2.3__react@19.2.3/node_modules/next/dist/compiled/next-server/app-page-turbo.runtime.dev.js:2:435344)
[   12779ms] Error: Switched to client rendering because the server rendering errored:

Cannot read properties of undefined (reading 'findMany')
    at listTrackedInspirationAccounts (about://React/Server/file:///Users/idrisskone/Developer/postForge/.next/dev/server/chunks/ssr/%5Broot-of-the-server%5D__079b6930._.js?62:765:170)
    at UGCInspirationPage (about://React/Server/file:///Users/idrisskone/Developer/postForge/.next/dev/server/chunks/ssr/%5Broot-of-the-server%5D__079b6930._.js?63:998:206)
    at resolveErrorDev (/Users/idrisskone/Developer/postForge/node_modules/.pnpm/next@16.1.6_@babel+core@7.29.0_react-dom@19.2.3_react@19.2.3__react@19.2.3/node_modules/next/dist/compiled/next-server/app-page-turbo.runtime.dev.js:2:406903)
    at processFullStringRow (/Users/idrisskone/Developer/postForge/node_modules/.pnpm/next@16.1.6_@babel+core@7.29.0_react-dom@19.2.3_react@19.2.3__react@19.2.3/node_modules/next/dist/compiled/next-server/app-page-turbo.runtime.dev.js:2:427357)
    at /Users/idrisskone/Developer/postForge/node_modules/.pnpm/next@16.1.6_@babel+core@7.29.0_react-dom@19.2.3_react@19.2.3__react@19.2.3/node_modules/next/dist/compiled/next-server/app-page-turbo.runtime.dev.js:2:433425
    at processBinaryChunk (/Users/idrisskone/Developer/postForge/node_modules/.pnpm/next@16.1.6_@babel+core@7.29.0_react-dom@19.2.3_react@19.2.3__react@19.2.3/node_modules/next/dist/compiled/next-server/app-page-turbo.runtime.dev.js:2:433508)
    at progress (/Users/idrisskone/Developer/postForge/node_modules/.pnpm/next@16.1.6_@babel+core@7.29.0_react-dom@19.2.3_react@19.2.3__react@19.2.3/node_modules/next/dist/compiled/next-server/app-page-turbo.runtime.dev.js:2:435344)
[   46509ms] [ERROR] WebSocket connection to 'ws://localhost:3000/_next/webpack-hmr?id=OLJ2qZ2DMTiUJguViIfA4' failed: Error in connection establishment: net::ERR_CONNECTION_REFUSED @ http://localhost:3000/_next/static/chunks/b2b3e_next_dist_client_121ab40e._.js:10878
[   47511ms] [ERROR] WebSocket connection to 'ws://localhost:3000/_next/webpack-hmr?id=OLJ2qZ2DMTiUJguViIfA4' failed: Error in connection establishment: net::ERR_CONNECTION_REFUSED @ http://localhost:3000/_next/static/chunks/b2b3e_next_dist_client_121ab40e._.js:10878
[   48513ms] [ERROR] WebSocket connection to 'ws://localhost:3000/_next/webpack-hmr?id=OLJ2qZ2DMTiUJguViIfA4' failed: Error in connection establishment: net::ERR_CONNECTION_REFUSED @ http://localhost:3000/_next/static/chunks/b2b3e_next_dist_client_121ab40e._.js:10878
[   49515ms] [ERROR] WebSocket connection to 'ws://localhost:3000/_next/webpack-hmr?id=OLJ2qZ2DMTiUJguViIfA4' failed: Error in connection establishment: net::ERR_CONNECTION_REFUSED @ http://localhost:3000/_next/static/chunks/b2b3e_next_dist_client_121ab40e._.js:10878
[   50517ms] [ERROR] WebSocket connection to 'ws://localhost:3000/_next/webpack-hmr?id=OLJ2qZ2DMTiUJguViIfA4' failed: Error in connection establishment: net::ERR_CONNECTION_REFUSED @ http://localhost:3000/_next/static/chunks/b2b3e_next_dist_client_121ab40e._.js:10878
[   56474ms] [LOG] [HMR] connected @ http://localhost:3000/_next/static/chunks/b2b3e_next_dist_77a734fe._.js:2297
[   56958ms] [INFO] %cDownload the React DevTools for a better development experience: https://react.dev/link/react-devtools font-weight:bold @ http://localhost:3000/_next/static/chunks/b2b3e_next_dist_77a734fe._.js:2297
[   56974ms] [LOG] [HMR] connected @ http://localhost:3000/_next/static/chunks/b2b3e_next_dist_77a734fe._.js:2297
[   94221ms] [LOG] [Fast Refresh] rebuilding @ http://localhost:3000/_next/static/chunks/b2b3e_next_dist_77a734fe._.js:2297
[   94275ms] [LOG] [Fast Refresh] done in 154ms @ http://localhost:3000/_next/static/chunks/b2b3e_next_dist_77a734fe._.js:2297
[  100792ms] [LOG] [Fast Refresh] rebuilding @ http://localhost:3000/_next/static/chunks/b2b3e_next_dist_77a734fe._.js:2297
[  100969ms] [LOG] [Fast Refresh] done in 277ms @ http://localhost:3000/_next/static/chunks/b2b3e_next_dist_77a734fe._.js:2297
[  113234ms] [WARNING] You will need to pass in an @ies/starling_intl instance by using registerReactInstance @ https://sf16-website-login.neutral.ttwstatic.com/obj/tiktok_web_login_static/tiktok_4d_playback/static/js/421.c946f38bd7.js:1
[  113270ms] [ERROR] Consume appContext before init @ https://sf16-website-login.neutral.ttwstatic.com/obj/tiktok_web_login_static/tiktok_4d_playback/static/js/main.bb7fc0ec4b.js:1
[  113270ms] [ERROR] Consume appContext before init @ https://sf16-website-login.neutral.ttwstatic.com/obj/tiktok_web_login_static/tiktok_4d_playback/static/js/main.bb7fc0ec4b.js:1
[  113270ms] [ERROR] Consume appContext before init @ https://sf16-website-login.neutral.ttwstatic.com/obj/tiktok_web_login_static/tiktok_4d_playback/static/js/main.bb7fc0ec4b.js:1
[  113348ms] [WARNING] getRelatedApps failed InvalidStateError: Failed to execute 'getInstalledRelatedApps' on 'Navigator': getInstalledRelatedApps() is only supported in top-level browsing contexts.
    at o (https://sf16-website-login.neutral.ttwstatic.com/obj/tiktok_web_login_static/tiktok_4d_playback/static/js/async/109.2042ff0b52.js:2:18475)
    at o.next (<anonymous>)
    at https://sf16-website-login.neutral.ttwstatic.com/obj/tiktok_web_login_static/tiktok_4d_playback/static/js/async/109.2042ff0b52.js:2:18893
    at new Promise (<anonymous>)
    at https://sf16-website-login.neutral.ttwstatic.com/obj/tiktok_web_login_static/tiktok_4d_playback/static/js/async/109.2042ff0b52.js:2:18642
    at o1 (https://sf16-website-login.neutral.ttwstatic.com/obj/tiktok_web_login_static/tiktok_4d_playback/static/js/lib-react.d1223d7aeb.js:2:92980)
    at i_ (https://sf16-website-login.neutral.ttwstatic.com/obj/tiktok_web_login_static/tiktok_4d_playback/static/js/lib-react.d1223d7aeb.js:2:108868)
    at iC (https://sf16-website-login.neutral.ttwstatic.com/obj/tiktok_web_login_static/tiktok_4d_playback/static/js/lib-react.d1223d7aeb.js:2:108752)
    at i_ (https://sf16-website-login.neutral.ttwstatic.com/obj/tiktok_web_login_static/tiktok_4d_playback/static/js/lib-react.d1223d7aeb.js:2:108848)
    at iC (https://sf16-website-login.neutral.ttwstatic.com/obj/tiktok_web_login_static/tiktok_4d_playback/static/js/lib-react.d1223d7aeb.js:2:108752) @ https://sf16-website-login.neutral.ttwstatic.com/obj/tiktok_web_login_static/tiktok_4d_playback/static/js/async/109.2042ff0b52.js:1
[  113674ms] [ERROR] Consume appContext before init @ https://sf16-website-login.neutral.ttwstatic.com/obj/tiktok_web_login_static/tiktok_4d_playback/static/js/main.bb7fc0ec4b.js:1
[  113912ms] [LOG] %c %s color: yellow; background-color: black; [instance: default] appid: 1988, userInfo:{"user_unique_id":"7626183846069749268","web_id":"7626183849714763284"} @ https://sf16-website-login.neutral.ttwstatic.com/obj/tiktok_web_login_static/log-sdk/collect/5.2/oversea/collect.js:0
[  113912ms] [LOG] %c %s color: yellow; background-color: black; [instance: default] appid: 1988, sdk is ready, version is 5.3.12_oversea, you can report now !!! @ https://sf16-website-login.neutral.ttwstatic.com/obj/tiktok_web_login_static/log-sdk/collect/5.2/oversea/collect.js:0
[  114064ms] [LOG] %c %s color: yellow; background-color: black; [instance: cookie_banner_tea_sdk] appid: 345918, userInfo:{"user_unique_id":"7626183850675504660","web_id":"7626183850675504660"} @ https://sf16-website-login.neutral.ttwstatic.com/obj/tiktok_web_login_static/tiktok_4d_playback/static/js/421.c946f38bd7.js:1
[  114064ms] [LOG] %c %s color: yellow; background-color: black; [instance: cookie_banner_tea_sdk] appid: 345918, sdk is ready, version is 5.3.15_oversea, you can report now !!! @ https://sf16-website-login.neutral.ttwstatic.com/obj/tiktok_web_login_static/tiktok_4d_playback/static/js/421.c946f38bd7.js:1
[  132652ms] [LOG] [Fast Refresh] rebuilding @ http://localhost:3000/_next/static/chunks/b2b3e_next_dist_77a734fe._.js:2297
[  132769ms] [LOG] [Fast Refresh] done in 219ms @ http://localhost:3000/_next/static/chunks/b2b3e_next_dist_77a734fe._.js:2297
[  140949ms] [ERROR] Failed to load resource: the server responded with a status of 500 (Internal Server Error) @ http://localhost:3000/api/ugc-inspiration/videos/2a2b5570-d42d-43af-b192-5602bd9f0103/use:0
