[     449ms] [INFO] %cDownload the React DevTools for a better development experience: https://react.dev/link/react-devtools font-weight:bold @ http://localhost:3000/_next/static/chunks/b2b3e_next_dist_77a734fe._.js:2297
[     496ms] [LOG] [HMR] connected @ http://localhost:3000/_next/static/chunks/b2b3e_next_dist_77a734fe._.js:2297
[    9449ms] [WARNING] You will need to pass in an @ies/starling_intl instance by using registerReactInstance @ https://sf16-website-login.neutral.ttwstatic.com/obj/tiktok_web_login_static/tiktok_4d_playback/static/js/421.c946f38bd7.js:1
[    9497ms] [ERROR] Consume appContext before init @ https://sf16-website-login.neutral.ttwstatic.com/obj/tiktok_web_login_static/tiktok_4d_playback/static/js/main.bb7fc0ec4b.js:1
[    9498ms] [ERROR] Consume appContext before init @ https://sf16-website-login.neutral.ttwstatic.com/obj/tiktok_web_login_static/tiktok_4d_playback/static/js/main.bb7fc0ec4b.js:1
[    9498ms] [ERROR] Consume appContext before init @ https://sf16-website-login.neutral.ttwstatic.com/obj/tiktok_web_login_static/tiktok_4d_playback/static/js/main.bb7fc0ec4b.js:1
[    9530ms] [WARNING] getRelatedApps failed InvalidStateError: Failed to execute 'getInstalledRelatedApps' on 'Navigator': getInstalledRelatedApps() is only supported in top-level browsing contexts.
    at o (https://sf16-website-login.neutral.ttwstatic.com/obj/tiktok_web_login_static/tiktok_4d_playback/static/js/async/109.2042ff0b52.js:2:18475)
    at o.next (<anonymous>)
    at https://sf16-website-login.neutral.ttwstatic.com/obj/tiktok_web_login_static/tiktok_4d_playback/static/js/async/109.2042ff0b52.js:2:18893
    at new Promise (<anonymous>)
    at https://sf16-website-login.neutral.ttwstatic.com/obj/tiktok_web_login_static/tiktok_4d_playback/static/js/async/109.2042ff0b52.js:2:18642
    at o1 (https://sf16-website-login.neutral.ttwstatic.com/obj/tiktok_web_login_static/tiktok_4d_playback/static/js/lib-react.d1223d7aeb.js:2:92980)
    at i_ (https://sf16-website-login.neutral.ttwstatic.com/obj/tiktok_web_login_static/tiktok_4d_playback/static/js/lib-react.d1223d7aeb.js:2:108868)
    at iC (https://sf16-website-login.neutral.ttwstatic.com/obj/tiktok_web_login_static/tiktok_4d_playback/static/js/lib-react.d1223d7aeb.js:2:108752)
    at i_ (https://sf16-website-login.neutral.ttwstatic.com/obj/tiktok_web_login_static/tiktok_4d_playback/static/js/lib-react.d1223d7aeb.js:2:108848)
    at iC (https://sf16-website-login.neutral.ttwstatic.com/obj/tiktok_web_login_static/tiktok_4d_playback/static/js/lib-react.d1223d7aeb.js:2:108752) @ https://sf16-website-login.neutral.ttwstatic.com/obj/tiktok_web_login_static/tiktok_4d_playback/static/js/async/109.2042ff0b52.js:1
[    9889ms] [ERROR] Consume appContext before init @ https://sf16-website-login.neutral.ttwstatic.com/obj/tiktok_web_login_static/tiktok_4d_playback/static/js/main.bb7fc0ec4b.js:1
[    9987ms] [LOG] %c %s color: yellow; background-color: black; [instance: default] appid: 1988, userInfo:{"user_unique_id":"7626184629451687444","web_id":"7626184631536502292"} @ https://sf16-website-login.neutral.ttwstatic.com/obj/tiktok_web_login_static/log-sdk/collect/5.2/oversea/collect.js:0
[    9987ms] [LOG] %c %s color: yellow; background-color: black; [instance: default] appid: 1988, sdk is ready, version is 5.3.12_oversea, you can report now !!! @ https://sf16-website-login.neutral.ttwstatic.com/obj/tiktok_web_login_static/log-sdk/collect/5.2/oversea/collect.js:0
[   10254ms] [LOG] %c %s color: yellow; background-color: black; [instance: cookie_banner_tea_sdk] appid: 345918, userInfo:{"user_unique_id":"7626184632623531541","web_id":"7626184632623531541"} @ https://sf16-website-login.neutral.ttwstatic.com/obj/tiktok_web_login_static/tiktok_4d_playback/static/js/421.c946f38bd7.js:1
[   10254ms] [LOG] %c %s color: yellow; background-color: black; [instance: cookie_banner_tea_sdk] appid: 345918, sdk is ready, version is 5.3.15_oversea, you can report now !!! @ https://sf16-website-login.neutral.ttwstatic.com/obj/tiktok_web_login_static/tiktok_4d_playback/static/js/421.c946f38bd7.js:1
[   59507ms] [ERROR] WebSocket connection to 'ws://localhost:3000/_next/webpack-hmr?id=kKqBPFylsqOwRU0BuTGp7' failed: Error in connection establishment: net::ERR_CONNECTION_REFUSED @ http://localhost:3000/_next/static/chunks/b2b3e_next_dist_client_121ab40e._.js:10878
[   60510ms] [ERROR] WebSocket connection to 'ws://localhost:3000/_next/webpack-hmr?id=kKqBPFylsqOwRU0BuTGp7' failed: Error in connection establishment: net::ERR_CONNECTION_REFUSED @ http://localhost:3000/_next/static/chunks/b2b3e_next_dist_client_121ab40e._.js:10878
[   61513ms] [ERROR] WebSocket connection to 'ws://localhost:3000/_next/webpack-hmr?id=kKqBPFylsqOwRU0BuTGp7' failed: Error in connection establishment: net::ERR_CONNECTION_REFUSED @ http://localhost:3000/_next/static/chunks/b2b3e_next_dist_client_121ab40e._.js:10878
[   62516ms] [ERROR] WebSocket connection to 'ws://localhost:3000/_next/webpack-hmr?id=kKqBPFylsqOwRU0BuTGp7' failed: Error in connection establishment: net::ERR_CONNECTION_REFUSED @ http://localhost:3000/_next/static/chunks/b2b3e_next_dist_client_121ab40e._.js:10878
[   63519ms] [ERROR] WebSocket connection to 'ws://localhost:3000/_next/webpack-hmr?id=kKqBPFylsqOwRU0BuTGp7' failed: Error in connection establishment: net::ERR_CONNECTION_REFUSED @ http://localhost:3000/_next/static/chunks/b2b3e_next_dist_client_121ab40e._.js:10878
[   68522ms] [ERROR] WebSocket connection to 'ws://localhost:3000/_next/webpack-hmr?id=kKqBPFylsqOwRU0BuTGp7' failed: Error in connection establishment: net::ERR_CONNECTION_REFUSED @ http://localhost:3000/_next/static/chunks/b2b3e_next_dist_client_121ab40e._.js:10878
[   73524ms] [ERROR] WebSocket connection to 'ws://localhost:3000/_next/webpack-hmr?id=kKqBPFylsqOwRU0BuTGp7' failed: Error in connection establishment: net::ERR_CONNECTION_REFUSED @ http://localhost:3000/_next/static/chunks/b2b3e_next_dist_client_121ab40e._.js:10878
[   78527ms] [ERROR] WebSocket connection to 'ws://localhost:3000/_next/webpack-hmr?id=kKqBPFylsqOwRU0BuTGp7' failed: Error in connection establishment: net::ERR_CONNECTION_REFUSED @ http://localhost:3000/_next/static/chunks/b2b3e_next_dist_client_121ab40e._.js:10878
[   80712ms] [ERROR] Failed to load resource: net::ERR_CONNECTION_REFUSED @ http://localhost:3000/api/jobs?tag=ugc-clone&limit=10&sort=createdAt:desc:0
[   80713ms] [ERROR] Failed to load clone jobs: TypeError: Failed to fetch
    at apiGet (http://localhost:3000/_next/static/chunks/src_7b480216._.js:29:28)
    at UGCCloneQueue.useCallback[fetchJobs] (http://localhost:3000/_next/static/chunks/src_5d62d5dc._.js:4141:177)
    at UGCCloneQueue.useEffect.interval (http://localhost:3000/_next/static/chunks/src_5d62d5dc._.js:4161:21) @ http://localhost:3000/_next/static/chunks/b2b3e_next_dist_77a734fe._.js:3127
[   80725ms] [ERROR] Failed to load resource: net::ERR_CONNECTION_REFUSED @ http://localhost:3000/__nextjs_font/geist-latin.woff2:0
[   80725ms] [ERROR] Failed to load resource: net::ERR_CONNECTION_REFUSED @ http://localhost:3000/__nextjs_original-stack-frames:0
[   83530ms] [ERROR] WebSocket connection to 'ws://localhost:3000/_next/webpack-hmr?id=kKqBPFylsqOwRU0BuTGp7' failed: Error in connection establishment: net::ERR_CONNECTION_REFUSED @ http://localhost:3000/_next/static/chunks/b2b3e_next_dist_client_121ab40e._.js:10878
[   88532ms] [ERROR] WebSocket connection to 'ws://localhost:3000/_next/webpack-hmr?id=kKqBPFylsqOwRU0BuTGp7' failed: Error in connection establishment: net::ERR_CONNECTION_REFUSED @ http://localhost:3000/_next/static/chunks/b2b3e_next_dist_client_121ab40e._.js:10878
[   93535ms] [ERROR] WebSocket connection to 'ws://localhost:3000/_next/webpack-hmr?id=kKqBPFylsqOwRU0BuTGp7' failed: Error in connection establishment: net::ERR_CONNECTION_REFUSED @ http://localhost:3000/_next/static/chunks/b2b3e_next_dist_client_121ab40e._.js:10878
[   98538ms] [ERROR] WebSocket connection to 'ws://localhost:3000/_next/webpack-hmr?id=kKqBPFylsqOwRU0BuTGp7' failed: Error in connection establishment: net::ERR_CONNECTION_REFUSED @ http://localhost:3000/_next/static/chunks/b2b3e_next_dist_client_121ab40e._.js:10878
[  235365ms] [ERROR] Failed to load resource: net::ERR_CONNECTION_REFUSED @ http://localhost:3000/api/jobs?tag=ugc-clone&limit=10&sort=createdAt:desc:0
[  235365ms] [ERROR] Failed to load clone jobs: TypeError: Failed to fetch
    at a (http://localhost:3000/_next/static/chunks/ed2cfbc2209f4287.js:1:653)
    at http://localhost:3000/_next/static/chunks/fde2334de489160c.js:1:44956
    at http://localhost:3000/_next/static/chunks/fde2334de489160c.js:1:45201 @ http://localhost:3000/_next/static/chunks/fde2334de489160c.js:0
[  313443ms] [WARNING] You will need to pass in an @ies/starling_intl instance by using registerReactInstance @ https://sf16-website-login.neutral.ttwstatic.com/obj/tiktok_web_login_static/tiktok_4d_playback/static/js/421.c946f38bd7.js:1
[  313448ms] [LOG] %c %s color: yellow; background-color: black; [instance: default] appid: 1988, userInfo:{"user_unique_id":"7626184628864452114","web_id":"7626184633051366932"} @ https://sf16-website-login.neutral.ttwstatic.com/obj/tiktok_web_login_static/log-sdk/collect/5.2/oversea/collect.js:0
[  313448ms] [LOG] %c %s color: yellow; background-color: black; [instance: default] appid: 1988, sdk is ready, version is 5.3.12_oversea, you can report now !!! @ https://sf16-website-login.neutral.ttwstatic.com/obj/tiktok_web_login_static/log-sdk/collect/5.2/oversea/collect.js:0
[  313450ms] [ERROR] Consume appContext before init @ https://sf16-website-login.neutral.ttwstatic.com/obj/tiktok_web_login_static/tiktok_4d_playback/static/js/main.bb7fc0ec4b.js:1
[  313450ms] [ERROR] Consume appContext before init @ https://sf16-website-login.neutral.ttwstatic.com/obj/tiktok_web_login_static/tiktok_4d_playback/static/js/main.bb7fc0ec4b.js:1
[  313456ms] [WARNING] getRelatedApps failed InvalidStateError: Failed to execute 'getInstalledRelatedApps' on 'Navigator': getInstalledRelatedApps() is only supported in top-level browsing contexts.
    at o (https://sf16-website-login.neutral.ttwstatic.com/obj/tiktok_web_login_static/tiktok_4d_playback/static/js/async/109.2042ff0b52.js:2:18475)
    at o.next (<anonymous>)
    at https://sf16-website-login.neutral.ttwstatic.com/obj/tiktok_web_login_static/tiktok_4d_playback/static/js/async/109.2042ff0b52.js:2:18893
    at new Promise (<anonymous>)
    at https://sf16-website-login.neutral.ttwstatic.com/obj/tiktok_web_login_static/tiktok_4d_playback/static/js/async/109.2042ff0b52.js:2:18642
    at o1 (https://sf16-website-login.neutral.ttwstatic.com/obj/tiktok_web_login_static/tiktok_4d_playback/static/js/lib-react.d1223d7aeb.js:2:92980)
    at i_ (https://sf16-website-login.neutral.ttwstatic.com/obj/tiktok_web_login_static/tiktok_4d_playback/static/js/lib-react.d1223d7aeb.js:2:108868)
    at iC (https://sf16-website-login.neutral.ttwstatic.com/obj/tiktok_web_login_static/tiktok_4d_playback/static/js/lib-react.d1223d7aeb.js:2:108752)
    at i_ (https://sf16-website-login.neutral.ttwstatic.com/obj/tiktok_web_login_static/tiktok_4d_playback/static/js/lib-react.d1223d7aeb.js:2:108848)
    at iC (https://sf16-website-login.neutral.ttwstatic.com/obj/tiktok_web_login_static/tiktok_4d_playback/static/js/lib-react.d1223d7aeb.js:2:108752) @ https://sf16-website-login.neutral.ttwstatic.com/obj/tiktok_web_login_static/tiktok_4d_playback/static/js/async/109.2042ff0b52.js:1
[  313715ms] [LOG] %c %s color: yellow; background-color: black; [instance: cookie_banner_tea_sdk] appid: 345918, userInfo:{"user_unique_id":"7626184633051285012","web_id":"7626184633051285012"} @ https://sf16-website-login.neutral.ttwstatic.com/obj/tiktok_web_login_static/tiktok_4d_playback/static/js/421.c946f38bd7.js:1
[  313715ms] [LOG] %c %s color: yellow; background-color: black; [instance: cookie_banner_tea_sdk] appid: 345918, sdk is ready, version is 5.3.15_oversea, you can report now !!! @ https://sf16-website-login.neutral.ttwstatic.com/obj/tiktok_web_login_static/tiktok_4d_playback/static/js/421.c946f38bd7.js:1
[  313862ms] [ERROR] Consume appContext before init @ https://sf16-website-login.neutral.ttwstatic.com/obj/tiktok_web_login_static/tiktok_4d_playback/static/js/main.bb7fc0ec4b.js:1
[  531908ms] Error: Minified React error #418; visit https://react.dev/errors/418?args[]=text&args[]= for the full message or use the non-minified dev environment for full errors and additional helpful warnings.
    at rK (http://localhost:3000/_next/static/chunks/4911410e5153f0d7.js:1:46765)
    at rX (http://localhost:3000/_next/static/chunks/4911410e5153f0d7.js:1:47798)
    at http://localhost:3000/_next/static/chunks/4911410e5153f0d7.js:1:141517
    at sp (http://localhost:3000/_next/static/chunks/4911410e5153f0d7.js:1:146678)
    at sc (http://localhost:3000/_next/static/chunks/4911410e5153f0d7.js:1:138018)
    at http://localhost:3000/_next/static/chunks/4911410e5153f0d7.js:1:132847
    at u9 (http://localhost:3000/_next/static/chunks/4911410e5153f0d7.js:1:132948)
    at sV (http://localhost:3000/_next/static/chunks/4911410e5153f0d7.js:1:159330)
    at MessagePort.O (http://localhost:3000/_next/static/chunks/4911410e5153f0d7.js:1:8296)
[  537014ms] Error: Minified React error #418; visit https://react.dev/errors/418?args[]=text&args[]= for the full message or use the non-minified dev environment for full errors and additional helpful warnings.
    at rK (http://localhost:3000/_next/static/chunks/4911410e5153f0d7.js:1:46765)
    at rX (http://localhost:3000/_next/static/chunks/4911410e5153f0d7.js:1:47798)
    at http://localhost:3000/_next/static/chunks/4911410e5153f0d7.js:1:141517
    at sp (http://localhost:3000/_next/static/chunks/4911410e5153f0d7.js:1:146678)
    at sc (http://localhost:3000/_next/static/chunks/4911410e5153f0d7.js:1:138018)
    at http://localhost:3000/_next/static/chunks/4911410e5153f0d7.js:1:132847
    at u9 (http://localhost:3000/_next/static/chunks/4911410e5153f0d7.js:1:132948)
    at sV (http://localhost:3000/_next/static/chunks/4911410e5153f0d7.js:1:159330)
    at MessagePort.O (http://localhost:3000/_next/static/chunks/4911410e5153f0d7.js:1:8296)
[  565689ms] [ERROR] Failed to load resource: the server responded with a status of 404 (Not Found) @ http://localhost:3000/api/ugc-inspiration/accounts/1f2c90ff-9f95-4e15-b98b-973a67479578:0
[  567241ms] Error: Minified React error #418; visit https://react.dev/errors/418?args[]=text&args[]= for the full message or use the non-minified dev environment for full errors and additional helpful warnings.
    at rK (http://localhost:3000/_next/static/chunks/4911410e5153f0d7.js:1:46765)
    at rX (http://localhost:3000/_next/static/chunks/4911410e5153f0d7.js:1:47798)
    at http://localhost:3000/_next/static/chunks/4911410e5153f0d7.js:1:141517
    at sp (http://localhost:3000/_next/static/chunks/4911410e5153f0d7.js:1:146678)
    at sc (http://localhost:3000/_next/static/chunks/4911410e5153f0d7.js:1:138018)
    at http://localhost:3000/_next/static/chunks/4911410e5153f0d7.js:1:132847
    at u9 (http://localhost:3000/_next/static/chunks/4911410e5153f0d7.js:1:132948)
    at sV (http://localhost:3000/_next/static/chunks/4911410e5153f0d7.js:1:159330)
    at MessagePort.O (http://localhost:3000/_next/static/chunks/4911410e5153f0d7.js:1:8296)
[  573241ms] [ERROR] Failed to load resource: the server responded with a status of 404 (Not Found) @ http://localhost:3000/api/ugc-inspiration/accounts/e98b21d0-98b8-4c6e-82c4-390b7148fae8:0
[  789608ms] [INFO] %cDownload the React DevTools for a better development experience: https://react.dev/link/react-devtools font-weight:bold @ http://localhost:3000/_next/static/chunks/b2b3e_next_dist_77a734fe._.js:2297
[  789674ms] [LOG] [HMR] connected @ http://localhost:3000/_next/static/chunks/b2b3e_next_dist_77a734fe._.js:2297
[  791365ms] [INFO] %cDownload the React DevTools for a better development experience: https://react.dev/link/react-devtools font-weight:bold @ http://localhost:3000/_next/static/chunks/b2b3e_next_dist_77a734fe._.js:2297
[  791377ms] [LOG] [HMR] connected @ http://localhost:3000/_next/static/chunks/b2b3e_next_dist_77a734fe._.js:2297
[  794544ms] [LOG] [Fast Refresh] rebuilding @ http://localhost:3000/_next/static/chunks/b2b3e_next_dist_77a734fe._.js:2297
[  794547ms] [LOG] [Fast Refresh] done in 103ms @ http://localhost:3000/_next/static/chunks/b2b3e_next_dist_77a734fe._.js:2297
[  796211ms] [INFO] %cDownload the React DevTools for a better development experience: https://react.dev/link/react-devtools font-weight:bold @ http://localhost:3000/_next/static/chunks/b2b3e_next_dist_77a734fe._.js:2297
[  796222ms] [LOG] [HMR] connected @ http://localhost:3000/_next/static/chunks/b2b3e_next_dist_77a734fe._.js:2297
[  799492ms] [ERROR] Failed to load resource: the server responded with a status of 500 (Internal Server Error) @ http://localhost:3000/api/ugc-inspiration/accounts:0
[  802372ms] [ERROR] Failed to load resource: the server responded with a status of 500 (Internal Server Error) @ http://localhost:3000/api/ugc-inspiration/accounts:0
[  846525ms] [LOG] [Fast Refresh] rebuilding @ http://localhost:3000/_next/static/chunks/b2b3e_next_dist_77a734fe._.js:2297
[  846541ms] [LOG] [Fast Refresh] done in 18ms @ http://localhost:3000/_next/static/chunks/b2b3e_next_dist_77a734fe._.js:2297
[  846641ms] [LOG] [Fast Refresh] rebuilding @ http://localhost:3000/_next/static/chunks/b2b3e_next_dist_77a734fe._.js:2297
[  846801ms] [LOG] [Fast Refresh] done in 261ms @ http://localhost:3000/_next/static/chunks/b2b3e_next_dist_77a734fe._.js:2297
[  864399ms] [ERROR] WebSocket connection to 'ws://localhost:3000/_next/webpack-hmr?id=TkT3nGA5s2aplKxEDvvNK' failed: Error in connection establishment: net::ERR_CONNECTION_REFUSED @ http://localhost:3000/_next/static/chunks/b2b3e_next_dist_client_121ab40e._.js:10878
[ 1023924ms] [ERROR] Failed to load resource: the server responded with a status of 402 (Payment Required) @ http://localhost:3000/api/ugc-inspiration/accounts:0
[ 1035962ms] [WARNING] You will need to pass in an @ies/starling_intl instance by using registerReactInstance @ https://sf16-website-login.neutral.ttwstatic.com/obj/tiktok_web_login_static/tiktok_4d_playback/static/js/421.c946f38bd7.js:1
[ 1035969ms] [LOG] %c %s color: yellow; background-color: black; [instance: default] appid: 1988, userInfo:{"user_unique_id":"7626184628864452114","web_id":"7626184633051366932"} @ https://sf16-website-login.neutral.ttwstatic.com/obj/tiktok_web_login_static/log-sdk/collect/5.2/oversea/collect.js:0
[ 1035969ms] [LOG] %c %s color: yellow; background-color: black; [instance: default] appid: 1988, sdk is ready, version is 5.3.12_oversea, you can report now !!! @ https://sf16-website-login.neutral.ttwstatic.com/obj/tiktok_web_login_static/log-sdk/collect/5.2/oversea/collect.js:0
[ 1035970ms] [ERROR] Consume appContext before init @ https://sf16-website-login.neutral.ttwstatic.com/obj/tiktok_web_login_static/tiktok_4d_playback/static/js/main.bb7fc0ec4b.js:1
[ 1035971ms] [ERROR] Consume appContext before init @ https://sf16-website-login.neutral.ttwstatic.com/obj/tiktok_web_login_static/tiktok_4d_playback/static/js/main.bb7fc0ec4b.js:1
[ 1035981ms] [WARNING] getRelatedApps failed InvalidStateError: Failed to execute 'getInstalledRelatedApps' on 'Navigator': getInstalledRelatedApps() is only supported in top-level browsing contexts.
    at o (https://sf16-website-login.neutral.ttwstatic.com/obj/tiktok_web_login_static/tiktok_4d_playback/static/js/async/109.2042ff0b52.js:2:18475)
    at o.next (<anonymous>)
    at https://sf16-website-login.neutral.ttwstatic.com/obj/tiktok_web_login_static/tiktok_4d_playback/static/js/async/109.2042ff0b52.js:2:18893
    at new Promise (<anonymous>)
    at https://sf16-website-login.neutral.ttwstatic.com/obj/tiktok_web_login_static/tiktok_4d_playback/static/js/async/109.2042ff0b52.js:2:18642
    at o1 (https://sf16-website-login.neutral.ttwstatic.com/obj/tiktok_web_login_static/tiktok_4d_playback/static/js/lib-react.d1223d7aeb.js:2:92980)
    at i_ (https://sf16-website-login.neutral.ttwstatic.com/obj/tiktok_web_login_static/tiktok_4d_playback/static/js/lib-react.d1223d7aeb.js:2:108868)
    at iC (https://sf16-website-login.neutral.ttwstatic.com/obj/tiktok_web_login_static/tiktok_4d_playback/static/js/lib-react.d1223d7aeb.js:2:108752)
    at i_ (https://sf16-website-login.neutral.ttwstatic.com/obj/tiktok_web_login_static/tiktok_4d_playback/static/js/lib-react.d1223d7aeb.js:2:108848)
    at iC (https://sf16-website-login.neutral.ttwstatic.com/obj/tiktok_web_login_static/tiktok_4d_playback/static/js/lib-react.d1223d7aeb.js:2:108752) @ https://sf16-website-login.neutral.ttwstatic.com/obj/tiktok_web_login_static/tiktok_4d_playback/static/js/async/109.2042ff0b52.js:1
[ 1036023ms] [ERROR] Access to XMLHttpRequest at 'https://mon.tiktokv.com/monitor_web/settings/browser-settings?bid=tiktok_4d_playback&store=1' from origin 'https://www.tiktok.com' has been blocked by CORS policy: Response to preflight request doesn't pass access control check: The value of the 'Access-Control-Allow-Credentials' header in the response is '' which must be 'true' when the request's credentials mode is 'include'. The credentials mode of requests initiated by the XMLHttpRequest is controlled by the withCredentials attribute. @ https://www.tiktok.com/embed/v3/7626121930566864142:0
[ 1036023ms] [ERROR] Failed to load resource: net::ERR_FAILED @ https://mon.tiktokv.com/monitor_web/settings/browser-settings?bid=tiktok_4d_playback&store=1:0
[ 1036265ms] [LOG] %c %s color: yellow; background-color: black; [instance: cookie_banner_tea_sdk] appid: 345918, userInfo:{"user_unique_id":"7626184633051285012","web_id":"7626184633051285012"} @ https://sf16-website-login.neutral.ttwstatic.com/obj/tiktok_web_login_static/tiktok_4d_playback/static/js/421.c946f38bd7.js:1
[ 1036265ms] [LOG] %c %s color: yellow; background-color: black; [instance: cookie_banner_tea_sdk] appid: 345918, sdk is ready, version is 5.3.15_oversea, you can report now !!! @ https://sf16-website-login.neutral.ttwstatic.com/obj/tiktok_web_login_static/tiktok_4d_playback/static/js/421.c946f38bd7.js:1
[ 1036284ms] [ERROR] Access to XMLHttpRequest at 'https://mon.tiktokv.com/monitor_web/settings/browser-settings?bid=pns_cookie_banner_slardar&store=1' from origin 'https://www.tiktok.com' has been blocked by CORS policy: Response to preflight request doesn't pass access control check: The value of the 'Access-Control-Allow-Credentials' header in the response is '' which must be 'true' when the request's credentials mode is 'include'. The credentials mode of requests initiated by the XMLHttpRequest is controlled by the withCredentials attribute. @ https://www.tiktok.com/embed/v3/7626121930566864142:0
[ 1036284ms] [ERROR] Failed to load resource: net::ERR_FAILED @ https://mon.tiktokv.com/monitor_web/settings/browser-settings?bid=pns_cookie_banner_slardar&store=1:0
[ 1036289ms] [ERROR] Access to XMLHttpRequest at 'https://mon.tiktokv.com/monitor_web/settings/browser-settings?bid=pns_consent_system&store=1' from origin 'https://www.tiktok.com' has been blocked by CORS policy: Response to preflight request doesn't pass access control check: The value of the 'Access-Control-Allow-Credentials' header in the response is '' which must be 'true' when the request's credentials mode is 'include'. The credentials mode of requests initiated by the XMLHttpRequest is controlled by the withCredentials attribute. @ https://www.tiktok.com/embed/v3/7626121930566864142:0
[ 1036289ms] [ERROR] Failed to load resource: net::ERR_FAILED @ https://mon.tiktokv.com/monitor_web/settings/browser-settings?bid=pns_consent_system&store=1:0
[ 1036357ms] [ERROR] Consume appContext before init @ https://sf16-website-login.neutral.ttwstatic.com/obj/tiktok_web_login_static/tiktok_4d_playback/static/js/main.bb7fc0ec4b.js:1
[ 1046615ms] [WARNING] You will need to pass in an @ies/starling_intl instance by using registerReactInstance @ https://sf16-website-login.neutral.ttwstatic.com/obj/tiktok_web_login_static/tiktok_4d_playback/static/js/421.c946f38bd7.js:1
[ 1046622ms] [LOG] %c %s color: yellow; background-color: black; [instance: default] appid: 1988, userInfo:{"user_unique_id":"7626184628864452114","web_id":"7626184633051366932"} @ https://sf16-website-login.neutral.ttwstatic.com/obj/tiktok_web_login_static/log-sdk/collect/5.2/oversea/collect.js:0
[ 1046622ms] [LOG] %c %s color: yellow; background-color: black; [instance: default] appid: 1988, sdk is ready, version is 5.3.12_oversea, you can report now !!! @ https://sf16-website-login.neutral.ttwstatic.com/obj/tiktok_web_login_static/log-sdk/collect/5.2/oversea/collect.js:0
[ 1046626ms] [ERROR] Consume appContext before init @ https://sf16-website-login.neutral.ttwstatic.com/obj/tiktok_web_login_static/tiktok_4d_playback/static/js/main.bb7fc0ec4b.js:1
[ 1046627ms] [ERROR] Consume appContext before init @ https://sf16-website-login.neutral.ttwstatic.com/obj/tiktok_web_login_static/tiktok_4d_playback/static/js/main.bb7fc0ec4b.js:1
[ 1046631ms] [ERROR] Access to XMLHttpRequest at 'https://mon.tiktokv.com/monitor_web/settings/browser-settings?bid=tiktok_4d_playback&store=1' from origin 'https://www.tiktok.com' has been blocked by CORS policy: Response to preflight request doesn't pass access control check: The value of the 'Access-Control-Allow-Credentials' header in the response is '' which must be 'true' when the request's credentials mode is 'include'. The credentials mode of requests initiated by the XMLHttpRequest is controlled by the withCredentials attribute. @ https://www.tiktok.com/embed/v3/7626065320633109768:0
[ 1046632ms] [ERROR] Failed to load resource: net::ERR_FAILED @ https://mon.tiktokv.com/monitor_web/settings/browser-settings?bid=tiktok_4d_playback&store=1:0
[ 1046634ms] [WARNING] getRelatedApps failed InvalidStateError: Failed to execute 'getInstalledRelatedApps' on 'Navigator': getInstalledRelatedApps() is only supported in top-level browsing contexts.
    at o (https://sf16-website-login.neutral.ttwstatic.com/obj/tiktok_web_login_static/tiktok_4d_playback/static/js/async/109.2042ff0b52.js:2:18475)
    at o.next (<anonymous>)
    at https://sf16-website-login.neutral.ttwstatic.com/obj/tiktok_web_login_static/tiktok_4d_playback/static/js/async/109.2042ff0b52.js:2:18893
    at new Promise (<anonymous>)
    at https://sf16-website-login.neutral.ttwstatic.com/obj/tiktok_web_login_static/tiktok_4d_playback/static/js/async/109.2042ff0b52.js:2:18642
    at o1 (https://sf16-website-login.neutral.ttwstatic.com/obj/tiktok_web_login_static/tiktok_4d_playback/static/js/lib-react.d1223d7aeb.js:2:92980)
    at i_ (https://sf16-website-login.neutral.ttwstatic.com/obj/tiktok_web_login_static/tiktok_4d_playback/static/js/lib-react.d1223d7aeb.js:2:108868)
    at iC (https://sf16-website-login.neutral.ttwstatic.com/obj/tiktok_web_login_static/tiktok_4d_playback/static/js/lib-react.d1223d7aeb.js:2:108752)
    at i_ (https://sf16-website-login.neutral.ttwstatic.com/obj/tiktok_web_login_static/tiktok_4d_playback/static/js/lib-react.d1223d7aeb.js:2:108848)
    at iC (https://sf16-website-login.neutral.ttwstatic.com/obj/tiktok_web_login_static/tiktok_4d_playback/static/js/lib-react.d1223d7aeb.js:2:108752) @ https://sf16-website-login.neutral.ttwstatic.com/obj/tiktok_web_login_static/tiktok_4d_playback/static/js/async/109.2042ff0b52.js:1
[ 1046897ms] [LOG] %c %s color: yellow; background-color: black; [instance: cookie_banner_tea_sdk] appid: 345918, userInfo:{"user_unique_id":"7626184633051285012","web_id":"7626184633051285012"} @ https://sf16-website-login.neutral.ttwstatic.com/obj/tiktok_web_login_static/tiktok_4d_playback/static/js/421.c946f38bd7.js:1
[ 1046897ms] [LOG] %c %s color: yellow; background-color: black; [instance: cookie_banner_tea_sdk] appid: 345918, sdk is ready, version is 5.3.15_oversea, you can report now !!! @ https://sf16-website-login.neutral.ttwstatic.com/obj/tiktok_web_login_static/tiktok_4d_playback/static/js/421.c946f38bd7.js:1
[ 1046921ms] [ERROR] Access to XMLHttpRequest at 'https://mon.tiktokv.com/monitor_web/settings/browser-settings?bid=pns_cookie_banner_slardar&store=1' from origin 'https://www.tiktok.com' has been blocked by CORS policy: Response to preflight request doesn't pass access control check: The value of the 'Access-Control-Allow-Credentials' header in the response is '' which must be 'true' when the request's credentials mode is 'include'. The credentials mode of requests initiated by the XMLHttpRequest is controlled by the withCredentials attribute. @ https://www.tiktok.com/embed/v3/7626065320633109768:0
[ 1046921ms] [ERROR] Failed to load resource: net::ERR_FAILED @ https://mon.tiktokv.com/monitor_web/settings/browser-settings?bid=pns_cookie_banner_slardar&store=1:0
[ 1046923ms] [ERROR] Access to XMLHttpRequest at 'https://mon.tiktokv.com/monitor_web/settings/browser-settings?bid=pns_consent_system&store=1' from origin 'https://www.tiktok.com' has been blocked by CORS policy: Response to preflight request doesn't pass access control check: The value of the 'Access-Control-Allow-Credentials' header in the response is '' which must be 'true' when the request's credentials mode is 'include'. The credentials mode of requests initiated by the XMLHttpRequest is controlled by the withCredentials attribute. @ https://www.tiktok.com/embed/v3/7626065320633109768:0
[ 1046923ms] [ERROR] Failed to load resource: net::ERR_FAILED @ https://mon.tiktokv.com/monitor_web/settings/browser-settings?bid=pns_consent_system&store=1:0
[ 1046999ms] [ERROR] Consume appContext before init @ https://sf16-website-login.neutral.ttwstatic.com/obj/tiktok_web_login_static/tiktok_4d_playback/static/js/main.bb7fc0ec4b.js:1
[ 1054111ms] [WARNING] You will need to pass in an @ies/starling_intl instance by using registerReactInstance @ https://sf16-website-login.neutral.ttwstatic.com/obj/tiktok_web_login_static/tiktok_4d_playback/static/js/421.c946f38bd7.js:1
[ 1054117ms] [LOG] %c %s color: yellow; background-color: black; [instance: default] appid: 1988, userInfo:{"user_unique_id":"7626184628864452114","web_id":"7626184633051366932"} @ https://sf16-website-login.neutral.ttwstatic.com/obj/tiktok_web_login_static/log-sdk/collect/5.2/oversea/collect.js:0
[ 1054117ms] [LOG] %c %s color: yellow; background-color: black; [instance: default] appid: 1988, sdk is ready, version is 5.3.12_oversea, you can report now !!! @ https://sf16-website-login.neutral.ttwstatic.com/obj/tiktok_web_login_static/log-sdk/collect/5.2/oversea/collect.js:0
[ 1054120ms] [ERROR] Consume appContext before init @ https://sf16-website-login.neutral.ttwstatic.com/obj/tiktok_web_login_static/tiktok_4d_playback/static/js/main.bb7fc0ec4b.js:1
[ 1054120ms] [ERROR] Consume appContext before init @ https://sf16-website-login.neutral.ttwstatic.com/obj/tiktok_web_login_static/tiktok_4d_playback/static/js/main.bb7fc0ec4b.js:1
[ 1054124ms] [ERROR] Access to XMLHttpRequest at 'https://mon.tiktokv.com/monitor_web/settings/browser-settings?bid=tiktok_4d_playback&store=1' from origin 'https://www.tiktok.com' has been blocked by CORS policy: Response to preflight request doesn't pass access control check: The value of the 'Access-Control-Allow-Credentials' header in the response is '' which must be 'true' when the request's credentials mode is 'include'. The credentials mode of requests initiated by the XMLHttpRequest is controlled by the withCredentials attribute. @ https://www.tiktok.com/embed/v3/7626121930566864142:0
[ 1054124ms] [ERROR] Failed to load resource: net::ERR_FAILED @ https://mon.tiktokv.com/monitor_web/settings/browser-settings?bid=tiktok_4d_playback&store=1:0
[ 1054125ms] [WARNING] getRelatedApps failed InvalidStateError: Failed to execute 'getInstalledRelatedApps' on 'Navigator': getInstalledRelatedApps() is only supported in top-level browsing contexts.
    at o (https://sf16-website-login.neutral.ttwstatic.com/obj/tiktok_web_login_static/tiktok_4d_playback/static/js/async/109.2042ff0b52.js:2:18475)
    at o.next (<anonymous>)
    at https://sf16-website-login.neutral.ttwstatic.com/obj/tiktok_web_login_static/tiktok_4d_playback/static/js/async/109.2042ff0b52.js:2:18893
    at new Promise (<anonymous>)
    at https://sf16-website-login.neutral.ttwstatic.com/obj/tiktok_web_login_static/tiktok_4d_playback/static/js/async/109.2042ff0b52.js:2:18642
    at o1 (https://sf16-website-login.neutral.ttwstatic.com/obj/tiktok_web_login_static/tiktok_4d_playback/static/js/lib-react.d1223d7aeb.js:2:92980)
    at i_ (https://sf16-website-login.neutral.ttwstatic.com/obj/tiktok_web_login_static/tiktok_4d_playback/static/js/lib-react.d1223d7aeb.js:2:108868)
    at iC (https://sf16-website-login.neutral.ttwstatic.com/obj/tiktok_web_login_static/tiktok_4d_playback/static/js/lib-react.d1223d7aeb.js:2:108752)
    at i_ (https://sf16-website-login.neutral.ttwstatic.com/obj/tiktok_web_login_static/tiktok_4d_playback/static/js/lib-react.d1223d7aeb.js:2:108848)
    at iC (https://sf16-website-login.neutral.ttwstatic.com/obj/tiktok_web_login_static/tiktok_4d_playback/static/js/lib-react.d1223d7aeb.js:2:108752) @ https://sf16-website-login.neutral.ttwstatic.com/obj/tiktok_web_login_static/tiktok_4d_playback/static/js/async/109.2042ff0b52.js:1
[ 1054387ms] [LOG] %c %s color: yellow; background-color: black; [instance: cookie_banner_tea_sdk] appid: 345918, userInfo:{"user_unique_id":"7626184633051285012","web_id":"7626184633051285012"} @ https://sf16-website-login.neutral.ttwstatic.com/obj/tiktok_web_login_static/tiktok_4d_playback/static/js/421.c946f38bd7.js:1
[ 1054387ms] [LOG] %c %s color: yellow; background-color: black; [instance: cookie_banner_tea_sdk] appid: 345918, sdk is ready, version is 5.3.15_oversea, you can report now !!! @ https://sf16-website-login.neutral.ttwstatic.com/obj/tiktok_web_login_static/tiktok_4d_playback/static/js/421.c946f38bd7.js:1
[ 1054404ms] [ERROR] Access to XMLHttpRequest at 'https://mon.tiktokv.com/monitor_web/settings/browser-settings?bid=pns_cookie_banner_slardar&store=1' from origin 'https://www.tiktok.com' has been blocked by CORS policy: Response to preflight request doesn't pass access control check: The value of the 'Access-Control-Allow-Credentials' header in the response is '' which must be 'true' when the request's credentials mode is 'include'. The credentials mode of requests initiated by the XMLHttpRequest is controlled by the withCredentials attribute. @ https://www.tiktok.com/embed/v3/7626121930566864142:0
[ 1054404ms] [ERROR] Failed to load resource: net::ERR_FAILED @ https://mon.tiktokv.com/monitor_web/settings/browser-settings?bid=pns_cookie_banner_slardar&store=1:0
[ 1054404ms] [ERROR] Access to XMLHttpRequest at 'https://mon.tiktokv.com/monitor_web/settings/browser-settings?bid=pns_consent_system&store=1' from origin 'https://www.tiktok.com' has been blocked by CORS policy: Response to preflight request doesn't pass access control check: The value of the 'Access-Control-Allow-Credentials' header in the response is '' which must be 'true' when the request's credentials mode is 'include'. The credentials mode of requests initiated by the XMLHttpRequest is controlled by the withCredentials attribute. @ https://www.tiktok.com/embed/v3/7626121930566864142:0
[ 1054404ms] [ERROR] Failed to load resource: net::ERR_FAILED @ https://mon.tiktokv.com/monitor_web/settings/browser-settings?bid=pns_consent_system&store=1:0
[ 1054516ms] [ERROR] Consume appContext before init @ https://sf16-website-login.neutral.ttwstatic.com/obj/tiktok_web_login_static/tiktok_4d_playback/static/js/main.bb7fc0ec4b.js:1
[ 1098202ms] [ERROR] Failed to load resource: the server responded with a status of 500 (Internal Server Error) @ http://localhost:3000/api/ugc-clone/reference-image:0
[ 1101733ms] [ERROR] Failed to load resource: the server responded with a status of 500 (Internal Server Error) @ http://localhost:3000/api/ugc-clone/reference-image:0
[ 1561285ms] [WARNING] You will need to pass in an @ies/starling_intl instance by using registerReactInstance @ https://sf16-website-login.neutral.ttwstatic.com/obj/tiktok_web_login_static/tiktok_4d_playback/static/js/421.c946f38bd7.js:1
[ 1561294ms] [LOG] %c %s color: yellow; background-color: black; [instance: default] appid: 1988, userInfo:{"user_unique_id":"7626184628864452114","web_id":"7626184633051366932"} @ https://sf16-website-login.neutral.ttwstatic.com/obj/tiktok_web_login_static/log-sdk/collect/5.2/oversea/collect.js:0
[ 1561294ms] [LOG] %c %s color: yellow; background-color: black; [instance: default] appid: 1988, sdk is ready, version is 5.3.12_oversea, you can report now !!! @ https://sf16-website-login.neutral.ttwstatic.com/obj/tiktok_web_login_static/log-sdk/collect/5.2/oversea/collect.js:0
[ 1561297ms] [ERROR] Consume appContext before init @ https://sf16-website-login.neutral.ttwstatic.com/obj/tiktok_web_login_static/tiktok_4d_playback/static/js/main.bb7fc0ec4b.js:1
[ 1561297ms] [ERROR] Consume appContext before init @ https://sf16-website-login.neutral.ttwstatic.com/obj/tiktok_web_login_static/tiktok_4d_playback/static/js/main.bb7fc0ec4b.js:1
[ 1561305ms] [WARNING] getRelatedApps failed InvalidStateError: Failed to execute 'getInstalledRelatedApps' on 'Navigator': getInstalledRelatedApps() is only supported in top-level browsing contexts.
    at o (https://sf16-website-login.neutral.ttwstatic.com/obj/tiktok_web_login_static/tiktok_4d_playback/static/js/async/109.2042ff0b52.js:2:18475)
    at o.next (<anonymous>)
    at https://sf16-website-login.neutral.ttwstatic.com/obj/tiktok_web_login_static/tiktok_4d_playback/static/js/async/109.2042ff0b52.js:2:18893
    at new Promise (<anonymous>)
    at https://sf16-website-login.neutral.ttwstatic.com/obj/tiktok_web_login_static/tiktok_4d_playback/static/js/async/109.2042ff0b52.js:2:18642
    at o1 (https://sf16-website-login.neutral.ttwstatic.com/obj/tiktok_web_login_static/tiktok_4d_playback/static/js/lib-react.d1223d7aeb.js:2:92980)
    at i_ (https://sf16-website-login.neutral.ttwstatic.com/obj/tiktok_web_login_static/tiktok_4d_playback/static/js/lib-react.d1223d7aeb.js:2:108868)
    at iC (https://sf16-website-login.neutral.ttwstatic.com/obj/tiktok_web_login_static/tiktok_4d_playback/static/js/lib-react.d1223d7aeb.js:2:108752)
    at i_ (https://sf16-website-login.neutral.ttwstatic.com/obj/tiktok_web_login_static/tiktok_4d_playback/static/js/lib-react.d1223d7aeb.js:2:108848)
    at iC (https://sf16-website-login.neutral.ttwstatic.com/obj/tiktok_web_login_static/tiktok_4d_playback/static/js/lib-react.d1223d7aeb.js:2:108752) @ https://sf16-website-login.neutral.ttwstatic.com/obj/tiktok_web_login_static/tiktok_4d_playback/static/js/async/109.2042ff0b52.js:1
[ 1561579ms] [LOG] %c %s color: yellow; background-color: black; [instance: cookie_banner_tea_sdk] appid: 345918, userInfo:{"user_unique_id":"7626184633051285012","web_id":"7626184633051285012"} @ https://sf16-website-login.neutral.ttwstatic.com/obj/tiktok_web_login_static/tiktok_4d_playback/static/js/421.c946f38bd7.js:1
[ 1561579ms] [LOG] %c %s color: yellow; background-color: black; [instance: cookie_banner_tea_sdk] appid: 345918, sdk is ready, version is 5.3.15_oversea, you can report now !!! @ https://sf16-website-login.neutral.ttwstatic.com/obj/tiktok_web_login_static/tiktok_4d_playback/static/js/421.c946f38bd7.js:1
[ 1561682ms] [ERROR] Consume appContext before init @ https://sf16-website-login.neutral.ttwstatic.com/obj/tiktok_web_login_static/tiktok_4d_playback/static/js/main.bb7fc0ec4b.js:1
[ 1576250ms] [ERROR] Failed to load resource: the server responded with a status of 500 (Internal Server Error) @ http://localhost:3000/api/ugc-clone/sources/d96e2534-1709-4e92-91df-df76365f2ddc/thumbnail:0
[ 1576252ms] [ERROR] Failed to load resource: the server responded with a status of 500 (Internal Server Error) @ http://localhost:3000/api/ugc-clone/sources/734e1a3e-90de-48e7-9ead-f21343583636/thumbnail:0
[ 1576252ms] [ERROR] Failed to load resource: the server responded with a status of 500 (Internal Server Error) @ http://localhost:3000/api/ugc-clone/sources/e4b1b955-16c0-4e03-b92b-488ec3c411fc/thumbnail:0
[ 1623314ms] [ERROR] Failed to load resource: the server responded with a status of 500 (Internal Server Error) @ http://localhost:3000/api/ugc-clone/reference-image:0
[ 2051997ms] Error: Minified React error #418; visit https://react.dev/errors/418?args[]=text&args[]= for the full message or use the non-minified dev environment for full errors and additional helpful warnings.
    at rK (http://localhost:3000/_next/static/chunks/4911410e5153f0d7.js:1:46765)
    at rX (http://localhost:3000/_next/static/chunks/4911410e5153f0d7.js:1:47798)
    at http://localhost:3000/_next/static/chunks/4911410e5153f0d7.js:1:141517
    at sp (http://localhost:3000/_next/static/chunks/4911410e5153f0d7.js:1:146678)
    at sc (http://localhost:3000/_next/static/chunks/4911410e5153f0d7.js:1:138018)
    at http://localhost:3000/_next/static/chunks/4911410e5153f0d7.js:1:132847
    at u9 (http://localhost:3000/_next/static/chunks/4911410e5153f0d7.js:1:132948)
    at sV (http://localhost:3000/_next/static/chunks/4911410e5153f0d7.js:1:159330)
    at MessagePort.O (http://localhost:3000/_next/static/chunks/4911410e5153f0d7.js:1:8296)
